lzo-0.28/CHANGE.LOG
lzo-0.28/COPYING
lzo-0.28/LZO.TXT
lzo-0.28/LZO.lsm
lzo-0.28/LZOAPI.TXT
lzo-0.28/Makefile
lzo-0.28/PLATFORM.TXT
lzo-0.28/acconfig.h
lzo-0.28/arch/i386/00readme.txt
lzo-0.28/arch/i386/enter.sh
lzo-0.28/arch/i386/leave.sh
lzo-0.28/arch/i386/lzo1c_d.sh
lzo-0.28/arch/i386/lzo1c_s1.S
lzo-0.28/arch/i386/lzo1c_s2.S
lzo-0.28/arch/i386/lzo1f_d.sh
lzo-0.28/arch/i386/lzo1f_s1.S
lzo-0.28/arch/i386/lzo1f_s2.S
lzo-0.28/arch/i386/lzo1x_d.sh
lzo-0.28/arch/i386/lzo1x_s1.S
lzo-0.28/arch/i386/lzo1x_s2.S
lzo-0.28/arch/i386/lzo1y_s1.S
lzo-0.28/arch/i386/lzo1y_s2.S
lzo-0.28/arch/i386/lzo_asm.sh
lzo-0.28/config.in
lzo-0.28/config/Makedefs.dos
lzo-0.28/config/Makedefs.in
lzo-0.28/config/Makedefs.os2
lzo-0.28/config/Makefile.in
lzo-0.28/config/aclocal.m4
lzo-0.28/config/bcc.rsp
lzo-0.28/config/config.guess
lzo-0.28/config/config.lzo
lzo-0.28/config/config.sub
lzo-0.28/config/dist.lst
lzo-0.28/config/files.lst
lzo-0.28/config/install-sh
lzo-0.28/config/make_bcc.btm
lzo-0.28/config/make_msc.btm
lzo-0.28/config/make_wcc.btm
lzo-0.28/config/mkdist.pl
lzo-0.28/config/mkinstalldirs
lzo-0.28/config/mkrsp.c
lzo-0.28/config/msc.rsp
lzo-0.28/config/purec.prj
lzo-0.28/config/wcc.rsp
lzo-0.28/configure
lzo-0.28/configure.in
lzo-0.28/doc/b008.txt
lzo-0.28/doc/b256.txt
lzo-0.28/doc/bench.txt
lzo-0.28/doc/s008.txt
lzo-0.28/doc/s256.txt
lzo-0.28/extra/lzo1c_c.c
lzo-0.28/extra/lzo1c_d.c
lzo-0.28/extra/lzo1f_c.c
lzo-0.28/extra/lzo1f_d.c
lzo-0.28/extra/lzo1x_c.c
lzo-0.28/extra/lzo1x_d.c
lzo-0.28/include/lzo1.h
lzo-0.28/include/lzo1a.h
lzo-0.28/include/lzo1b.h
lzo-0.28/include/lzo1c.h
lzo-0.28/include/lzo1f.h
lzo-0.28/include/lzo1x.h
lzo-0.28/include/lzo1y.h
lzo-0.28/include/lzo2a.h
lzo-0.28/include/lzoconf.h
lzo-0.28/lzo_test.c
lzo-0.28/simple.c
lzo-0.28/src/config1.h
lzo-0.28/src/config1a.h
lzo-0.28/src/config1b.h
lzo-0.28/src/config1c.h
lzo-0.28/src/config1f.h
lzo-0.28/src/config1x.h
lzo-0.28/src/config1y.h
lzo-0.28/src/config2a.h
lzo-0.28/src/lzo1.c
lzo-0.28/src/lzo1_99.c
lzo-0.28/src/lzo1_cm.ch
lzo-0.28/src/lzo1_d.h
lzo-0.28/src/lzo1a.c
lzo-0.28/src/lzo1a_99.c
lzo-0.28/src/lzo1a_cm.ch
lzo-0.28/src/lzo1a_cr.ch
lzo-0.28/src/lzo1a_de.h
lzo-0.28/src/lzo1b/compr.h
lzo-0.28/src/lzo1b/lzo1b_1.c
lzo-0.28/src/lzo1b/lzo1b_2.c
lzo-0.28/src/lzo1b/lzo1b_3.c
lzo-0.28/src/lzo1b/lzo1b_4.c
lzo-0.28/src/lzo1b/lzo1b_5.c
lzo-0.28/src/lzo1b/lzo1b_6.c
lzo-0.28/src/lzo1b/lzo1b_7.c
lzo-0.28/src/lzo1b/lzo1b_8.c
lzo-0.28/src/lzo1b/lzo1b_9.c
lzo-0.28/src/lzo1b/lzo1b_99.c
lzo-0.28/src/lzo1b_9x.c
lzo-0.28/src/lzo1b_c.ch
lzo-0.28/src/lzo1b_cc.c
lzo-0.28/src/lzo1b_cc.h
lzo-0.28/src/lzo1b_cm.ch
lzo-0.28/src/lzo1b_cr.ch
lzo-0.28/src/lzo1b_d.ch
lzo-0.28/src/lzo1b_d1.c
lzo-0.28/src/lzo1b_d2.c
lzo-0.28/src/lzo1b_de.h
lzo-0.28/src/lzo1b_r.ch
lzo-0.28/src/lzo1b_rr.c
lzo-0.28/src/lzo1b_sm.ch
lzo-0.28/src/lzo1b_tm.ch
lzo-0.28/src/lzo1b_xx.c
lzo-0.28/src/lzo1c/compr.h
lzo-0.28/src/lzo1c/lzo1c_1.c
lzo-0.28/src/lzo1c/lzo1c_2.c
lzo-0.28/src/lzo1c/lzo1c_3.c
lzo-0.28/src/lzo1c/lzo1c_4.c
lzo-0.28/src/lzo1c/lzo1c_5.c
lzo-0.28/src/lzo1c/lzo1c_6.c
lzo-0.28/src/lzo1c/lzo1c_7.c
lzo-0.28/src/lzo1c/lzo1c_8.c
lzo-0.28/src/lzo1c/lzo1c_9.c
lzo-0.28/src/lzo1c/lzo1c_99.c
lzo-0.28/src/lzo1c_9x.c
lzo-0.28/src/lzo1c_cc.c
lzo-0.28/src/lzo1c_cc.h
lzo-0.28/src/lzo1c_d1.c
lzo-0.28/src/lzo1c_d2.c
lzo-0.28/src/lzo1c_rr.c
lzo-0.28/src/lzo1c_xx.c
lzo-0.28/src/lzo1f_9x.c
lzo-0.28/src/lzo1f_d.ch
lzo-0.28/src/lzo1f_d1.c
lzo-0.28/src/lzo1f_d2.c
lzo-0.28/src/lzo1x_9x.c
lzo-0.28/src/lzo1x_d.ch
lzo-0.28/src/lzo1x_d1.c
lzo-0.28/src/lzo1x_d2.c
lzo-0.28/src/lzo1x_o.c
lzo-0.28/src/lzo1x_oo.ch
lzo-0.28/src/lzo1y_9x.c
lzo-0.28/src/lzo1y_d1.c
lzo-0.28/src/lzo1y_d2.c
lzo-0.28/src/lzo1y_o.c
lzo-0.28/src/lzo2a_9x.c
lzo-0.28/src/lzo2a_d.ch
lzo-0.28/src/lzo2a_d1.c
lzo-0.28/src/lzo2a_d2.c
lzo-0.28/src/lzo_conf.h
lzo-0.28/src/lzo_dict.h
lzo-0.28/src/lzo_mchw.ch
lzo-0.28/src/lzo_swd.ch
lzo-0.28/src/lzo_util.c
lzo-0.28/src/lzo_util.h
lzo-0.28/src/stats1a.h
lzo-0.28/src/stats1b.h
lzo-0.28/src/stats1c.h
lzo-0.28/util/bench.sh
lzo-0.28/util/check.sh
lzo-0.28/util/diff_v.btm
lzo-0.28/util/notime.pl
lzo-0.28/util/r_test.btm
lzo-0.28/util/shortf.pl
lzo-0.28/util/table.pl
lzo-0.28/util/uncompr.pl
